Hello "quote" world
